
[1m[0;36m╔══════════════════════════════════════════════╗[0m
[1m[0;36m║    UbuntuInit — 模块功能测试套件             ║[0m
[1m[0;36m╚══════════════════════════════════════════════╝[0m

  [1m▶ 关键文件存在性检查[0m
